{
  "stdout": "",
  "stderr": "The database name \"dates_sample\" contains a forbidden character.\nAllowed characters: a..z, A..Z, 0..9, -\n",
  "returncode": 2,
  "output_files": {},
  "dir_outputs": {},
  "success": true
}