{
  "text_files": [],
  "binary_files": [],
  "directories": []
}